[www.4505burgersandbbq.com/index.html]
[backblue.gif]
[fade.gif]
[index.html]
[media-cdn.getbento.com/accounts/97ae301c7b59ad6c97ebfcbc34795edb/media/accounts/media/VGBoO2VGS1WkMDLfvgZp_Roger (1).png]
[images.getbento.com/accounts/97ae301c7b59ad6c97ebfcbc34795edb/media/accounts/media/aV9AKL9zRiWDIgDP8a1I_Final_4505BurgersBBQ_Logo1dd2.jpg]
[theme-assets.getbento.com/sensei/c8fe6f0.sensei/assets/js/head.min.js]
[www.google-analytics.com/analytics.js]
[images.getbento.com/accounts/97ae301c7b59ad6c97ebfcbc34795edb/media/accounts/media/aV9AKL9zRiWDIgDP8a1I_Final_4505BurgersBBQ_Logo.png]
[images.getbento.com/accounts/97ae301c7b59ad6c97ebfcbc34795edb/media/images/276924505BBQ_0298417.jpg]
[www.4505burgersandbbq.com/location/san-francisco/index.html]
[www.4505burgersandbbq.com/location/oakland/index.html]
[www.4505burgersandbbq.com/menus/index.html]
[www.4505burgersandbbq.com/about/index.html]
[images.getbento.com/accounts/97ae301c7b59ad6c97ebfcbc34795edb/media/images/953124505BBQ_0058417.jpg]
[www.4505burgersandbbq.com/staff/index.html]
[www.4505burgersandbbq.com/press/index.html]
[images.getbento.com/accounts/97ae301c7b59ad6c97ebfcbc34795edb/media/images/13792IMG_11028417.jpg]
[www.4505burgersandbbq.com/feed-the-pig/index.html]
[images.getbento.com/accounts/97ae301c7b59ad6c97ebfcbc34795edb/media/images/311594505BBQ_0198417.jpg]
[www.4505burgersandbbq.com/delivery/index.html]
[www.4505burgersandbbq.com/catering/index.html]
[www.4505burgersandbbq.com/news/index.html]
[www.4505burgersandbbq.com/jobs/index.html]
[www.4505burgersandbbq.com/contact/index.html]
[images.getbento.com/accounts/97ae301c7b59ad6c97ebfcbc34795edb/media/images/34037IMG_10998417.jpg]
[images.getbento.com/accounts/97ae301c7b59ad6c97ebfcbc34795edb/media/images/723014505_bbq_catering258417.jpg]
[images.getbento.com/accounts/97ae301c7b59ad6c97ebfcbc34795edb/media/images/14070Office_1_-_4505BBQ_0188417.jpg]
[scontent.cdninstagram.com/vp/36c1dd626249665184adb417142d8625/5D97B3D4/t51.2885-15/sh0.08/e35/s640x640/60257777_176286070033145_4193088120144401279_n7d5a.jpg]
[scontent.cdninstagram.com/vp/41c4a268e1fdb95e982e091640416081/5D99F553/t51.2885-15/sh0.08/e35/s640x640/60188173_198553547792407_1598476464928756084_n7d5a.jpg]
[scontent.cdninstagram.com/vp/697246c69fe1e3369aec8e7218a9cb18/5D9990BF/t51.2885-15/sh0.08/e35/s640x640/60495097_667500923663329_618777791446931821_n7d5a.jpg]
[scontent.cdninstagram.com/vp/bcdd58f55d79e5fc889ada9ca7c7182a/5D78D78E/t51.2885-15/sh0.08/e35/s640x640/60140006_440817226696931_7328698270140583122_n7d5a.jpg]
[scontent.cdninstagram.com/vp/992fad01fb329e99c18a87a43e889398/5D8C2792/t51.2885-15/sh0.08/e35/s640x640/60495295_2336861813252458_4810628012439883355_n7d5a.jpg]
[scontent.cdninstagram.com/vp/4997b07757677ab7f5084496d498f8ff/5D98788B/t51.2885-15/sh0.08/e35/s640x640/60129647_2324348594519640_2976428095273792334_n7d5a.jpg]
[scontent.cdninstagram.com/vp/768ecf795e74e96a2ca3f1c265310348/5CF77ACB/t51.2885-15/sh0.08/e35/s640x640/60834976_1604980986306113_6882634092389020435_n7d5a.jpg]
[scontent.cdninstagram.com/vp/be3e844005390dee9231477ef05708cf/5D7E693A/t51.2885-15/sh0.08/e35/s640x640/60301358_418800195384288_4723866999711672022_n7d5a.jpg]
[scontent.cdninstagram.com/vp/953fd33a5ad6565445aae399d442b5f6/5D8ECA03/t51.2885-15/sh0.08/e35/s640x640/60841940_449473152289557_3660055066015042832_n7d5a.jpg]
[scontent.cdninstagram.com/vp/44dc84b3a8622035ccd9d5c926f45761/5D8798CD/t51.2885-15/sh0.08/e35/s640x640/60385520_2156097691350105_2941497507982688855_n7d5a.jpg]
[theme-assets.getbento.com/sensei/c8fe6f0.sensei/assets/js/foot.libs.min.js]
[www.4505burgersandbbq.com/index.html]
[assets-cdn.getbento.com/static/analytics/js/bento-analytics.min.1683a27274c4.js]
[theme-assets.getbento.com/sensei/c8fe6f0.sensei/assets/js/bentobox.min.js]
[images.getbento.com/accounts/97ae301c7b59ad6c97ebfcbc34795edb/mediausers/custom_fields_galleries/images/s65yArYQXm7sSnZjcxzC_4505BBQ_00211d2.jpg]
[images.getbento.com/accounts/97ae301c7b59ad6c97ebfcbc34795edb/mediausers/custom_fields_galleries/images/s65yArYQXm7sSnZjcxzC_4505BBQ_0028417.jpg]
[www.4505burgersandbbq.com/location/san-francisco/index.html]
[images.getbento.com/accounts/97ae301c7b59ad6c97ebfcbc34795edb/media/images/93424505_macarthur4911d2.jpg]
[images.getbento.com/accounts/97ae301c7b59ad6c97ebfcbc34795edb/media/images/93424505_macarthur498417.jpg]
[www.4505burgersandbbq.com/location/oakland/index.html]
[images.getbento.com/accounts/97ae301c7b59ad6c97ebfcbc34795edb/mediausers/custom_fields_galleries/images/5TANCrZOTTu9O6fgUOL8_Office 1 - 4505BBQ_0248417.jpg]
[getbento.imgix.net/accounts/97ae301c7b59ad6c97ebfcbc34795edb/media/images/IMG_06647c0c.jpg]
[getbento.imgix.net/accounts/97ae301c7b59ad6c97ebfcbc34795edb/media/images/IMG_02517c0c.jpg]
[getbento.imgix.net/accounts/97ae301c7b59ad6c97ebfcbc34795edb/media/images/4505_Sandwich_Catering47c0c.jpg]
[getbento.imgix.net/accounts/97ae301c7b59ad6c97ebfcbc34795edb/media/images/4505_bestdamn_cheeseburger77c0c.jpg]
[getbento.imgix.net/accounts/97ae301c7b59ad6c97ebfcbc34795edb/media/images/IMG_09567c0c.jpg]
[www.4505burgersandbbq.com/menus/index.html]
[images.getbento.com/accounts/97ae301c7b59ad6c97ebfcbc34795edb/mediausers/custom_fields_galleries/images/LbsD6tzFSUyoEfPsSet0_Office 1 - 4505_WEB_698417.jpg]
[images.getbento.com/accounts/97ae301c7b59ad6c97ebfcbc34795edb/media/images/685274505shop_238417.jpg]
[images.getbento.com/accounts/97ae301c7b59ad6c97ebfcbc34795edb/media/images/833594505_Book_Butchery8417.jpg]
[images.getbento.com/accounts/97ae301c7b59ad6c97ebfcbc34795edb/media/images/68583IMG_61220982.jpg]
[www.4505burgersandbbq.com/team-member/allie-mcelwee/index.html]
[images.getbento.com/accounts/97ae301c7b59ad6c97ebfcbc34795edb/media/images/59371IMG_61420982.jpg]
[images.getbento.com/accounts/97ae301c7b59ad6c97ebfcbc34795edb/media/images/62165IMG_61270982.jpg]
[www.4505burgersandbbq.com/team-member/andrew-ghetia/index.html]
[images.getbento.com/accounts/97ae301c7b59ad6c97ebfcbc34795edb/media/images/18586IMG_88470982.jpg]
[images.getbento.com/accounts/97ae301c7b59ad6c97ebfcbc34795edb/media/images/27658IMG_61290982.jpg]
[www.4505burgersandbbq.com/team-member/donnie-goolesby/index.html]
[images.getbento.com/accounts/97ae301c7b59ad6c97ebfcbc34795edb/media/images/47310IMG_61460982.jpg]
[www.4505burgersandbbq.com/team-member/luby-rosochacova/index.html]
[images.getbento.com/accounts/97ae301c7b59ad6c97ebfcbc34795edb/media/images/28684cookies0982.jpg]
[www.4505burgersandbbq.com/team-member/maria-rojas/index.html]
[images.getbento.com/accounts/97ae301c7b59ad6c97ebfcbc34795edb/media/images/52087IMG_61390982.jpg]
[www.4505burgersandbbq.com/about/index.html]
[www.4505burgersandbbq.com/team-member/ryan-farr/index.html]
[www.4505burgersandbbq.com/team-member/stephen-cookies-parton/index.html]
[www.4505burgersandbbq.com/team-member/tom-conyers/index.html]
[images.getbento.com/0cEHG4O6QuOvsgLSkYxz_IMG_267611d2.jpg]
[images.getbento.com/0cEHG4O6QuOvsgLSkYxz_IMG_26768417.jpg]
[getbento.imgix.net/accounts/97ae301c7b59ad6c97ebfcbc34795edb/media/images/IMG_8126-27c0c.jpg]
[www.4505burgersandbbq.com/staff/index.html]
[images.getbento.com/accounts/97ae301c7b59ad6c97ebfcbc34795edb/mediausers/custom_fields_galleries/images/jIctubVSXmrM1fkqCd4a_4505_WEB_5811d2.jpg]
[images.getbento.com/accounts/97ae301c7b59ad6c97ebfcbc34795edb/mediausers/custom_fields_galleries/images/jIctubVSXmrM1fkqCd4a_4505_WEB_588417.jpg]
[media-cdn.getbento.com/accounts/97ae301c7b59ad6c97ebfcbc34795edb/media/pxcoE4rZQpCYmLCZXXro_4505_macarthur49.jpg]
[images.getbento.com/accounts/97ae301c7b59ad6c97ebfcbc34795edb/media/images/press_thumbnail341660982.jpg]
[www.sunset.com/wp-content/uploads/2-oktoberfest-dinner-recipe-60715-1018.jpg]
[images.getbento.com/accounts/97ae301c7b59ad6c97ebfcbc34795edb/media/images/60061Screenshot_2019-03-25_18.01.330982.jpg]
[images.getbento.com/accounts/97ae301c7b59ad6c97ebfcbc34795edb/media/images/30665Screenshot_2019-03-25_17.52.130982.jpg]
[images.getbento.com/accounts/97ae301c7b59ad6c97ebfcbc34795edb/media/images/press_thumbnail575500982.jpg]
[images.getbento.com/accounts/97ae301c7b59ad6c97ebfcbc34795edb/media/images/press_thumbnail827700982.jpg]
[images.getbento.com/accounts/97ae301c7b59ad6c97ebfcbc34795edb/media/images/15738Screenshot_2019-03-25_17.56.120982.jpg]
[images.getbento.com/accounts/97ae301c7b59ad6c97ebfcbc34795edb/media/images/press_thumbnail537970982.jpg]
[images.getbento.com/accounts/97ae301c7b59ad6c97ebfcbc34795edb/media/images/80434505_pulled_pork40982.jpg]
[images.getbento.com/accounts/97ae301c7b59ad6c97ebfcbc34795edb/media/images/press_thumbnail637920982.jpg]
[www.4505burgersandbbq.com/press/index.html]
[www.4505burgersandbbq.com/press/index905b.html]
[images.getbento.com/accounts/97ae301c7b59ad6c97ebfcbc34795edb/mediausers/custom_fields_galleries/images/13N8zRRq6vfXlfmXPCfA_IMG_130211d2.jpg]
[images.getbento.com/accounts/97ae301c7b59ad6c97ebfcbc34795edb/mediausers/custom_fields_galleries/images/13N8zRRq6vfXlfmXPCfA_IMG_13028417.jpg]
[getbento.imgix.net/accounts/97ae301c7b59ad6c97ebfcbc34795edb/media/images/buendia_signature_logo7c0c.png]
[www.4505burgersandbbq.com/feed-the-pig/index.html]
[images.getbento.com/accounts/97ae301c7b59ad6c97ebfcbc34795edb/mediausers/custom_fields_galleries/images/jk5kOMLhSASp4PZnDZAJ_IMG_066511d2.jpg]
[images.getbento.com/accounts/97ae301c7b59ad6c97ebfcbc34795edb/mediausers/custom_fields_galleries/images/jk5kOMLhSASp4PZnDZAJ_IMG_06658417.jpg]
[www.4505burgersandbbq.com/delivery/index.html]
[images.getbento.com/accounts/97ae301c7b59ad6c97ebfcbc34795edb/mediausers/custom_fields_galleries/images/GQuzazZNSYqm6NCq50g7_4505_bbq_catering2811d2.jpg]
[images.getbento.com/accounts/97ae301c7b59ad6c97ebfcbc34795edb/mediausers/custom_fields_galleries/images/GQuzazZNSYqm6NCq50g7_4505_bbq_catering288417.jpg]
[www.4505burgersandbbq.com/catering/index.html]
[images.getbento.com/accounts/97ae301c7b59ad6c97ebfcbc34795edb/mediausers/custom_fields_galleries/images/7TLYnJQUCfdynNve09QF_IMG_065711d2.jpg]
[images.getbento.com/accounts/97ae301c7b59ad6c97ebfcbc34795edb/mediausers/custom_fields_galleries/images/7TLYnJQUCfdynNve09QF_IMG_06578417.jpg]
[images.getbento.com/accounts/97ae301c7b59ad6c97ebfcbc34795edb/media/images/95815Ghost_Town_Brewingb729.jpg]
[www.4505burgersandbbq.com/news/index.html]
[www.4505burgersandbbq.com/event/519-bbq-sundays-at-ghost-town-brewing-copy-copy/index.html]
[images.getbento.com/accounts/97ae301c7b59ad6c97ebfcbc34795edb/mediausers/custom_fields_galleries/images/wLKq05dZR0WcOCkJkA1h_Office 1 - jobs8417.jpg]
[www.4505burgersandbbq.com/jobs/index.html]
[images.getbento.com/accounts/97ae301c7b59ad6c97ebfcbc34795edb/mediausers/custom_fields_galleries/images/qBHRbUmbT2711wZJQRDR_Office 1 - IMG_09678417.jpg]
[www.4505burgersandbbq.com/contact/index.html]
[www.4505burgersandbbq.com/team-member/allie-mcelwee/index.html]
[images.getbento.com/accounts/97ae301c7b59ad6c97ebfcbc34795edb/media/images/59371IMG_614211d2.jpg]
[www.4505burgersandbbq.com/team-member/andrew-ghetia/index.html]
[images.getbento.com/accounts/97ae301c7b59ad6c97ebfcbc34795edb/media/images/62165IMG_612711d2.jpg]
[www.4505burgersandbbq.com/team-member/donnie-goolesby/index.html]
[images.getbento.com/accounts/97ae301c7b59ad6c97ebfcbc34795edb/media/images/18586IMG_884711d2.jpg]
[www.4505burgersandbbq.com/team-member/luby-rosochacova/index.html]
[images.getbento.com/accounts/97ae301c7b59ad6c97ebfcbc34795edb/media/images/27658IMG_612911d2.jpg]
[www.4505burgersandbbq.com/team-member/maria-rojas/index.html]
[images.getbento.com/accounts/97ae301c7b59ad6c97ebfcbc34795edb/media/images/47310IMG_614611d2.jpg]
[www.4505burgersandbbq.com/team-member/ryan-farr/index.html]
[images.getbento.com/accounts/97ae301c7b59ad6c97ebfcbc34795edb/media/images/28684cookies11d2.jpg]
[www.4505burgersandbbq.com/team-member/stephen-cookies-parton/index.html]
[images.getbento.com/accounts/97ae301c7b59ad6c97ebfcbc34795edb/media/images/52087IMG_613911d2.jpg]
[www.4505burgersandbbq.com/team-member/tom-conyers/index.html]
[images.getbento.com/accounts/97ae301c7b59ad6c97ebfcbc34795edb/media/images/78577Screenshot_2019-03-25_18.09.570982.jpg]
[images.getbento.com/accounts/97ae301c7b59ad6c97ebfcbc34795edb/media/images/720692161621_300x3000982.jpg]
[images.getbento.com/accounts/97ae301c7b59ad6c97ebfcbc34795edb/media/images/press_thumbnail794440982.jpg]
[images.getbento.com/accounts/97ae301c7b59ad6c97ebfcbc34795edb/media/images/press_thumbnail494140982.png]
[images.getbento.com/accounts/97ae301c7b59ad6c97ebfcbc34795edb/media/images/3102bbqresized0982.jpg]
[images.getbento.com/accounts/97ae301c7b59ad6c97ebfcbc34795edb/media/images/1870Burger_Infatuation0982.jpg]
[images.getbento.com/accounts/97ae301c7b59ad6c97ebfcbc34795edb/media/images/press_thumbnail99880982.jpg]
[images.getbento.com/accounts/97ae301c7b59ad6c97ebfcbc34795edb/media/images/press_thumbnail338070982.jpg]
[images.getbento.com/accounts/97ae301c7b59ad6c97ebfcbc34795edb/media/images/49451Screenshot_2019-03-25_18.07.200982.jpg]
[images.getbento.com/accounts/97ae301c7b59ad6c97ebfcbc34795edb/media/images/press_thumbnail563080982.jpg]
[www.4505burgersandbbq.com/press/index905b.html]
[images.getbento.com/accounts/97ae301c7b59ad6c97ebfcbc34795edb/media/images/95815Ghost_Town_Brewing11d2.jpg]
[www.4505burgersandbbq.com/event/519-bbq-sundays-at-ghost-town-brewing-copy-copy/index.html]
[images.getbento.com/accounts/97ae301c7b59ad6c97ebfcbc34795edb/media/images/68583IMG_612211d2.JPG]
[www.4505burgersandbbq.com/press/index2207.html]
[www.4505burgersandbbq.com/press/indexcff1.html]
[images.getbento.com/accounts/97ae301c7b59ad6c97ebfcbc34795edb/media/images/press_thumbnail613380982.jpg]
[www.4505burgersandbbq.com/press/index2207.html]
[www.4505burgersandbbq.com/press/indexcff1.html]
